[22:17:11] [INIT] KubeJS 2101.7.2-build.368; MC 2101 NeoForge
[22:17:11] [INIT] Loaded plugins:
[22:17:11] [INIT] - dev.latvian.mods.kubejs.plugin.builtin.BuiltinKubeJSPlugin
[22:17:11] [INIT] - dev.latvian.mods.kubejs.plugin.builtin.BuiltinKubeJSClientPlugin
[22:17:11] [INIT] - dev.latvian.mods.kubejs.integration.architectury.ArchitecturyIntegration
[22:17:11] [INIT] - com.sighs.generalfeedback.JSPlugin
[22:17:11] [INIT] - com.jesz.createdieselgenerators.compat.kubejs.CDGKubeJSPlugin
[22:17:11] [INIT] - com.lowdragmc.mbd2.integration.kubejs.MBDKubeJSPlugin
[22:17:11] [INIT] - com.negodya1.vintageimprovements.VintageKubeJSPlugin
[22:17:11] [INIT] - com.github.tartaricacid.touhoulittlemaid.compat.kubejs.ModKubeJSPlugin
[22:17:11] [INIT] - moe.wolfgirl.probejs.plugin.ProbeJSKJSPlugin
[22:17:11] [INIT] - com.github.ysbbbbbb.kaleidoscopecookery.compat.kubejs.ModKubeJSPlugin
[22:17:11] [INIT] - com.lowdragmc.lowdraglib2.integration.kjs.LDLibKubeJSPlugin
[22:17:11] [INIT] - com.tom.createores.kubejs.KubeJSExcavation
[22:17:11] [INIT] - com.teamtea.eclipticseasons.compat.kubejs.KubeJSPluginImpl
[22:17:11] [INIT] - com.almostreliable.morejs.Plugin
[22:17:11] [INIT] - com.almostreliable.lootjs.kube.LootJSPlugin
[22:17:11] [INIT] - dev.ftb.mods.ftbxmodcompat.neoforge.ftbquests.kubejs.FTBQuestsKubeJSPlugin
[22:17:11] [INIT] - dev.ftb.mods.ftbxmodcompat.neoforge.ftbchunks.kubejs.FTBChunksKubeJSPlugin
[22:17:11] [INIT] - dev.ftb.mods.ftbxmodcompat.neoforge.ftbteams.kubejs.FTBTeamsKubeJSPlugin
[22:17:11] [INIT] - dev.ftb.mods.ftbxmodcompat.neoforge.ftbfiltersystem.kubejs.FFSKubeJSPlugin
[22:17:11] [INIT] - com.oierbravo.mechanicals.compat.kubejs.MechanicalsJsPlugin
[22:17:11] [INIT] - qinomed.kubejsdelight.KubeJSDelightPlugin
[22:17:11] [INIT] - dev.bluephs.createvintageneoforged.compat.kubejs.VintagejsPlugin
[22:17:11] [INIT] - com.tacz.guns.compat.kubejs.TimelessKubeJSPlugin
[22:17:11] [INIT] - com.almostreliable.ponderjs.KubePlugin
[22:17:11] [INIT] - com.oierbravo.createsifter.compat.kubejs.KubeJSCreatesifterPlugin
[22:17:11] [INIT] - dev.latvian.mods.kubejs.create.KubeJSCreatePlugin
[22:17:11] [INIT] - com.lightning.northstar.compat.kubejs.NorthstarKubeJsPlugin
[22:17:11] [INIT] - dev.propulsionteam.propulsionsimulated.compat.kubejs.PropulsionKubeJSPlugin
[22:17:11] [INIT] - dev.propulsionteam.propulsionsimulated.compat.kubejs.PropulsionKubeJSPlugin
[22:17:11] [INIT] - com.oierbravo.create_mechanical_extruder.compat.kubejs.KubeJSCreateMechanicalExtruderPlugin
[22:17:11] [INIT] - com.oierbravo.create_mechanical_spawner.compat.kubejs.KubeJSCreateMechanicalSpawnerPlugin
[22:17:11] [INIT] - com.glodblock.github.extendedae.xmod.kjs.KJSPlugin
[22:17:11] [INIT] - fr.lucreeper74.createmetallurgy.compat.kubejs.CreateMetallurgyKJS
[22:17:11] [INIT] - com.chen1335.renderjs.kubejs.RenderJSPlugin
[22:17:11] [INIT] - com.chen1335.renderjs.kubejs.RenderJSCommonPlugin
[22:17:11] [INFO] server_scripts:main.js#2: Hello, World! (Loaded server example script)
[22:17:11] [INFO] Loaded script server_scripts:main.js in 0.003 s
[22:17:11] [INFO] Loaded 1/1 KubeJS server scripts in 0.14 s with 0 errors and 0 warnings
[22:17:29] [INFO] Server resource reload complete!
